✔ PlayCanvas package preserves all states and RNG over 20 interactive choices (666.600326ms)
✔ presentation exposes public context without leaking NPC agendas or hidden outcomes (105.13013ms)
✔ package is self-contained and requires no localhost or external image/font request (28.584085ms)
✔ migration qa/fixtures/save-v02-derived.json: frozen baseline, history, seeds and existing RNG preserved (24.485412ms)
✔ migration examples/save-v03-seed-424242.json: frozen baseline, history, seeds and existing RNG preserved (9.718022ms)
✔ migration examples/save-v04-seed-424242.json: frozen baseline, history, seeds and existing RNG preserved (17.14754ms)
✔ migration examples/save-v05-seed-424242.json: frozen baseline, history, seeds and existing RNG preserved (27.25334ms)
✔ migration examples/save-v06-seed-424242.json: frozen baseline, history, seeds and existing RNG preserved (20.100003ms)
✔ migration examples/save-v07-seed-424242.json: frozen baseline, history, seeds and existing RNG preserved (25.436009ms)
✔ migration examples/save-v08-seed-424242.json: frozen baseline, history, seeds and existing RNG preserved (35.480778ms)
✔ reject missing required field history (3.090688ms)
✔ reject missing required field retirement (1.751841ms)
✔ reject missing required field epilogue (2.574868ms)
✔ reject missing required field runtime (1.18115ms)
✔ reject missing required field runtime.day (1.365873ms)
✔ reject missing required field professional (0.990592ms)
✔ reject missing required field professional.technique (1.231193ms)
✔ reject missing required field rngState.football (1.107947ms)
✔ reject missing required field rngState.narrative.state (1.084427ms)
✔ reject missing required field contract.salaryMonthly (0.986407ms)
✔ reject missing required field body.acuteInjury (0.934852ms)
✔ reject missing required field relationships.0.trust (0.986528ms)
✔ reject missing required field npcs.0.knowledge (1.079314ms)
✔ reject missing required field flags (0.806214ms)
✔ reject missing required field seeds (1.205ms)
✔ rejects invalid JSON, non-object roots and unknown schema before migration (3.268297ms)
✔ rejects wrong types, non-finite numbers and impossible basic states with a field path (26.086575ms)
✔ legacy validation does not turn invalid existing fields into migration defaults (120.393828ms)
✔ rejects malformed nested history, seeds and missing/duplicated NPCs (60.097582ms)
✔ rejects prototype keys, extreme depth/size, circular values and sparse arrays (1.930741ms)
✔ RNG states larger than uint32 are preserved exactly (24.056281ms)
✔ continuation after migrated save/reload: qa/fixtures/save-v02-derived.json (34.141525ms)
✔ continuation after migrated save/reload: examples/save-v03-seed-424242.json (35.094438ms)
✔ continuation after migrated save/reload: examples/save-v04-seed-424242.json (40.003737ms)
✔ continuation after migrated save/reload: examples/save-v05-seed-424242.json (39.476714ms)
✔ continuation after migrated save/reload: examples/save-v06-seed-424242.json (64.680198ms)
✔ continuation after migrated save/reload: examples/save-v07-seed-424242.json (85.85532ms)
✔ T2.1 session migrates without writing, losing pending scene, changing RNG or mutating input (239.916877ms)
✔ corrupt session receipts/screens/state never call the storage adapter (499.82372ms)
✔ corrupt result/journal and duplicate receipts are rejected (325.467818ms)
✔ receipt chronology and chosen payload must agree with the actual history (211.42186ms)
✔ 100 view reads and mutations of returned copies do not alter state, scene or RNG (148.347662ms)
✔ same command concurrently and after resume returns one persisted receipt/effect (172.644148ms)
✔ different double-click commands with same revision allow only one effect (79.434676ms)
✔ command ID reuse, unknown choice and stale instance are rejected without mutation (101.882645ms)
✔ failed save rolls back world, decision, history and RNG; retry matches a clean run (188.727858ms)
✔ failed pending-scene commit does not consume selection RNG (203.165816ms)
✔ queries observe confirmed state while async persistence is pending (82.027704ms)
✔ 100 JSON save/resume cycles preserve pending scene, options and RNG exactly (6016.39884ms)
✔ pending result survives reload; advancing cannot skip it or choose twice (152.830339ms)
✔ catalog mutation and pending-event tampering cannot silently reinterpret a save (148.739198ms)
✔ bounded advance yields without inventing a decision or retirement (4.522623ms)
✔ error after an immediate effect cannot leak a partial resolution (3.538163ms)
✔ queued command and storage callback cannot mutate session-owned objects (63.155383ms)
✔ first 20 player choices match direct motor state and RNG at each decision boundary (226.923071ms)
✔ complete interactive career matches headless narrative and closes with persistent result (3546.973703ms)
✔ existing catalog validates and baseline headless behavior is unchanged (315.386137ms)
ℹ tests 57
ℹ suites 0
ℹ pass 57
ℹ fail 0
ℹ cancelled 0
ℹ skipped 0
ℹ todo 0
ℹ duration_ms 11654.706919
