✔ 20th birthday proposes terms without changing club or silently renewing (50.092667ms)
✔ reject retains terms and RNG, records response and unlocks time (15.822613ms)
✔ acceptance persists once across double click, reload and replay (11.22802ms)
✔ failed signing commit preserves offer, contract and RNG; retry equals clean run (13.348917ms)
✔ delegation has deterministic limits and never grants authority to the next offer (2.958481ms)
✔ transfer acceptance changes registration, owner, contract and context together (1.105212ms)
✔ corrupt offers, authority records and receipt mismatches are rejected (38.825887ms)
✔ v1 migration preserves pending narrative, history and RNG and grants no delegation (138.056208ms)
✔ world renewal, summer moves and loan continuity remain proposals across seeds (239.912468ms)
✔ PlayCanvas package preserves all states and RNG over 20 interactive choices (499.3432ms)
✔ presentation exposes public context without leaking NPC agendas or hidden outcomes (61.341814ms)
✔ package is self-contained and requires no localhost or external image/font request (21.531025ms)
✔ migration qa/fixtures/save-v02-derived.json: frozen baseline, history, seeds and existing RNG preserved (23.785991ms)
✔ migration examples/save-v03-seed-424242.json: frozen baseline, history, seeds and existing RNG preserved (10.071507ms)
✔ migration examples/save-v04-seed-424242.json: frozen baseline, history, seeds and existing RNG preserved (14.878923ms)
✔ migration examples/save-v05-seed-424242.json: frozen baseline, history, seeds and existing RNG preserved (19.03084ms)
✔ migration examples/save-v06-seed-424242.json: frozen baseline, history, seeds and existing RNG preserved (19.651789ms)
✔ migration examples/save-v07-seed-424242.json: frozen baseline, history, seeds and existing RNG preserved (26.249012ms)
✔ migration examples/save-v08-seed-424242.json: frozen baseline, history, seeds and existing RNG preserved (28.611149ms)
✔ reject missing required field history (2.197484ms)
✔ reject missing required field retirement (1.516036ms)
✔ reject missing required field epilogue (1.187426ms)
✔ reject missing required field runtime (0.975094ms)
✔ reject missing required field runtime.day (1.140361ms)
✔ reject missing required field professional (0.816835ms)
✔ reject missing required field professional.technique (0.990756ms)
✔ reject missing required field rngState.football (0.94699ms)
✔ reject missing required field rngState.narrative.state (0.94547ms)
✔ reject missing required field contract.salaryMonthly (0.878247ms)
✔ reject missing required field body.acuteInjury (0.841281ms)
✔ reject missing required field relationships.0.trust (0.927205ms)
✔ reject missing required field npcs.0.knowledge (1.289395ms)
✔ reject missing required field flags (0.850876ms)
✔ reject missing required field seeds (1.309973ms)
✔ rejects invalid JSON, non-object roots and unknown schema before migration (2.786278ms)
✔ rejects wrong types, non-finite numbers and impossible basic states with a field path (22.506662ms)
✔ legacy validation does not turn invalid existing fields into migration defaults (98.627542ms)
✔ rejects malformed nested history, seeds and missing/duplicated NPCs (48.212302ms)
✔ rejects prototype keys, extreme depth/size, circular values and sparse arrays (1.28287ms)
✔ RNG states larger than uint32 are preserved exactly (11.247868ms)
✔ continuation after migrated save/reload: qa/fixtures/save-v02-derived.json (69.693981ms)
✔ continuation after migrated save/reload: examples/save-v03-seed-424242.json (55.995012ms)
✔ continuation after migrated save/reload: examples/save-v04-seed-424242.json (75.339612ms)
✔ continuation after migrated save/reload: examples/save-v05-seed-424242.json (101.671812ms)
✔ continuation after migrated save/reload: examples/save-v06-seed-424242.json (111.306145ms)
✔ continuation after migrated save/reload: examples/save-v07-seed-424242.json (138.436497ms)
✔ T2.1 session migrates without writing, losing pending scene, changing RNG or mutating input (138.958036ms)
✔ corrupt session receipts/screens/state never call the storage adapter (426.044694ms)
✔ corrupt result/journal and duplicate receipts are rejected (277.726086ms)
✔ receipt chronology and chosen payload must agree with the actual history (165.877944ms)
✔ 100 view reads and mutations of returned copies do not alter state, scene or RNG (132.574664ms)
✔ same command concurrently and after resume returns one persisted receipt/effect (152.254003ms)
✔ different double-click commands with same revision allow only one effect (78.784601ms)
✔ command ID reuse, unknown choice and stale instance are rejected without mutation (72.721269ms)
✔ failed save rolls back world, decision, history and RNG; retry matches a clean run (133.037779ms)
✔ failed pending-scene commit does not consume selection RNG (115.416998ms)
✔ queries observe confirmed state while async persistence is pending (54.436496ms)
✔ 100 JSON save/resume cycles preserve pending scene, options and RNG exactly (5307.635286ms)
✔ pending result survives reload; advancing cannot skip it or choose twice (126.927812ms)
✔ catalog mutation and pending-event tampering cannot silently reinterpret a save (132.520545ms)
✔ bounded advance yields without inventing a decision or retirement (4.510075ms)
✔ error after an immediate effect cannot leak a partial resolution (3.314743ms)
✔ queued command and storage callback cannot mutate session-owned objects (51.044965ms)
✔ first 20 player choices match direct motor state and RNG at each decision boundary (211.8658ms)
✔ complete interactive career matches headless narrative and closes with persistent result (6929.524376ms)
✔ existing catalog validates; updated headless offer policy is reproducible (5227.750282ms)
ℹ tests 66
ℹ suites 0
ℹ pass 66
ℹ fail 0
ℹ cancelled 0
ℹ skipped 0
ℹ todo 0
ℹ duration_ms 18929.775119
