✔ PlayCanvas package preserves all states and RNG over 20 interactive choices (947.289694ms)
✔ presentation exposes public context without leaking NPC agendas or hidden outcomes (122.511347ms)
✔ package is self-contained and requires no localhost or external image/font request (36.093927ms)
✔ migration qa/fixtures/save-v02-derived.json: frozen baseline, history, seeds and existing RNG preserved (42.044785ms)
✔ migration examples/save-v03-seed-424242.json: frozen baseline, history, seeds and existing RNG preserved (12.367447ms)
✔ migration examples/save-v04-seed-424242.json: frozen baseline, history, seeds and existing RNG preserved (26.405672ms)
✔ migration examples/save-v05-seed-424242.json: frozen baseline, history, seeds and existing RNG preserved (25.551398ms)
✔ migration examples/save-v06-seed-424242.json: frozen baseline, history, seeds and existing RNG preserved (32.152976ms)
✔ migration examples/save-v07-seed-424242.json: frozen baseline, history, seeds and existing RNG preserved (43.128721ms)
✔ migration examples/save-v08-seed-424242.json: frozen baseline, history, seeds and existing RNG preserved (56.967531ms)
✔ reject missing required field history (5.764041ms)
✔ reject missing required field retirement (2.609989ms)
✔ reject missing required field epilogue (1.709892ms)
✔ reject missing required field runtime (2.760488ms)
✔ reject missing required field runtime.day (2.494378ms)
✔ reject missing required field professional (1.875204ms)
✔ reject missing required field professional.technique (1.651745ms)
✔ reject missing required field rngState.football (1.659091ms)
✔ reject missing required field rngState.narrative.state (1.986449ms)
✔ reject missing required field contract.salaryMonthly (2.249689ms)
✔ reject missing required field body.acuteInjury (2.081509ms)
✔ reject missing required field relationships.0.trust (2.499314ms)
✔ reject missing required field npcs.0.knowledge (2.589001ms)
✔ reject missing required field flags (1.888321ms)
✔ reject missing required field seeds (2.757648ms)
✔ rejects invalid JSON, non-object roots and unknown schema before migration (13.251586ms)
✔ rejects wrong types, non-finite numbers and impossible basic states with a field path (53.583001ms)
✔ legacy validation does not turn invalid existing fields into migration defaults (174.198362ms)
✔ rejects malformed nested history, seeds and missing/duplicated NPCs (88.847672ms)
✔ rejects prototype keys, extreme depth/size, circular values and sparse arrays (2.88299ms)
✔ RNG states larger than uint32 are preserved exactly (25.731973ms)
✔ continuation after migrated save/reload: qa/fixtures/save-v02-derived.json (48.00705ms)
✔ continuation after migrated save/reload: examples/save-v03-seed-424242.json (33.336315ms)
✔ continuation after migrated save/reload: examples/save-v04-seed-424242.json (58.804564ms)
✔ continuation after migrated save/reload: examples/save-v05-seed-424242.json (50.39809ms)
✔ continuation after migrated save/reload: examples/save-v06-seed-424242.json (71.006183ms)
✔ continuation after migrated save/reload: examples/save-v07-seed-424242.json (105.046474ms)
✔ T2.1 session migrates without writing, losing pending scene, changing RNG or mutating input (289.947164ms)
✔ corrupt session receipts/screens/state never call the storage adapter (683.11197ms)
✔ corrupt result/journal and duplicate receipts are rejected (448.217865ms)
✔ receipt chronology and chosen payload must agree with the actual history (228.390978ms)
✔ 100 view reads and mutations of returned copies do not alter state, scene or RNG (232.92764ms)
✔ same command concurrently and after resume returns one persisted receipt/effect (281.01627ms)
✔ different double-click commands with same revision allow only one effect (123.344024ms)
✔ command ID reuse, unknown choice and stale instance are rejected without mutation (137.523993ms)
✔ failed save rolls back world, decision, history and RNG; retry matches a clean run (230.586ms)
✔ failed pending-scene commit does not consume selection RNG (221.4197ms)
✔ queries observe confirmed state while async persistence is pending (104.795204ms)
✔ 100 JSON save/resume cycles preserve pending scene, options and RNG exactly (9196.742793ms)
✔ pending result survives reload; advancing cannot skip it or choose twice (148.181288ms)
✔ catalog mutation and pending-event tampering cannot silently reinterpret a save (201.324732ms)
✔ bounded advance yields without inventing a decision or retirement (5.117765ms)
✔ error after an immediate effect cannot leak a partial resolution (4.414045ms)
✔ queued command and storage callback cannot mutate session-owned objects (76.149161ms)
✔ first 20 player choices match direct motor state and RNG at each decision boundary (325.846176ms)
✔ complete interactive career matches headless narrative and closes with persistent result (5401.214019ms)
✔ existing catalog validates and baseline headless behavior is unchanged (496.499316ms)
ℹ tests 57
ℹ suites 0
ℹ pass 57
ℹ fail 0
ℹ cancelled 0
ℹ skipped 0
ℹ todo 0
ℹ duration_ms 17501.219888
